<html>
<body>
<pre>
<h1>µVision Build Log</h1>
<h2>Tool Versions:</h2>
IDE-Version: µVision V5.31.0.0
Copyright (C) 2020 ARM Ltd and ARM Germany GmbH. All rights reserved.
License Information: Hoan nguyen, 211CL6A, LIC=14HV2-9PB4K-RAGDM-XEIAC-8IHFH-L458K
 
Tool Versions:
Toolchain:       MDK-ARM Plus  Version: 5.31.0.0
Toolchain Path:  C:\Keil_v5\ARM\ARMCLANG\Bin
C Compiler:      ArmClang.exe V6.14
Assembler:       Armasm.exe V6.14
Linker/Locator:  ArmLink.exe V6.14
Library Manager: ArmAr.exe V6.14
Hex Converter:   FromElf.exe V6.14
CPU DLL:         SARMCM3.DLL V5.31.0.0
Dialog DLL:      DCM.DLL V1.17.3.0
Target DLL:      UL2CM3.DLL V1.163.4.0
Dialog DLL:      TCM.DLL V1.46.0.0
 
<h2>Project:</h2>
D:\Low-Level Peripheral Driver Development for STM32\STM32103_Register\SPI_STM32F103C8\SPI.uvprojx
Project File Date:  07/16/2025

<h2>Output:</h2>
*** Using Compiler 'V6.14', folder: 'C:\Keil_v5\ARM\ARMCLANG\Bin'
Rebuild target 'Target 1'
main.c(1): warning: In file included from...
./SPI.h(59): warning: no newline at end of file [-Wnewline-eof]
#endif
      ^
main.c(2): warning: In file included from...
./RCC.h(45): warning: no newline at end of file [-Wnewline-eof]
void RCC_APB2PeriphClockCmd(uint32_t RCC_APB2Periph, uint8_t NewState);
                                                                       ^
main.c(4): warning: no previous prototype for function 'delay_ms' [-Wmissing-prototypes]
void delay_ms(uint32_t ms){
     ^
main.c(4): note: declare 'static' if the function is not intended to be used outside of this translation unit
void delay_ms(uint32_t ms){
^
static 
3 warnings generated.
compiling main.c...
RCC.c(2): warning: In file included from...
./RCC.h(45): warning: no newline at end of file [-Wnewline-eof]
void RCC_APB2PeriphClockCmd(uint32_t RCC_APB2Periph, uint8_t NewState);
                                                                       ^
1 warning generated.
compiling RCC.c...
GPIO.c(8): warning: implicit conversion changes signedness: 'int' to 'uint32_t' (aka 'unsigned int') [-Wsign-conversion]
    uint32_t config = ((cnf << 2) | mode);  // MODE[1:0] + CNF[1:0]
             ~~~~~~    ~~~~~~~~~~~^~~~~~
GPIO.c(12): warning: implicit conversion changes signedness: 'int' to 'unsigned int' [-Wsign-conversion]
        PORT->CRL &= ~(0xF << pos);         // Clear c?u h<EC>nh cu
                  ~~ ^~~~~~~~~~~~~
GPIO.c(17): warning: implicit conversion changes signedness: 'int' to 'unsigned int' [-Wsign-conversion]
        PORT->CRH &= ~(0xF << pos);
                  ~~ ^~~~~~~~~~~~~
3 warnings generated.
compiling GPIO.c...
SPI.c(1): warning: In file included from...
./SPI.h(59): warning: no newline at end of file [-Wnewline-eof]
#endif
      ^
SPI.c(13): warning: implicit conversion changes signedness: 'int' to 'unsigned int' [-Wsign-conversion]
        SPI1->CR1 &= ~(1 << 2);
                  ~~ ^~~~~~~~~
SPI.c(22): warning: implicit conversion changes signedness: 'int' to 'unsigned int' [-Wsign-conversion]
            SPI1->CR1 &= ~(1 << 8); // SSI = 0
                      ~~ ^~~~~~~~~
SPI.c(33): warning: implicit conversion changes signedness: 'int' to 'unsigned int' [-Wsign-conversion]
        SPI1->CR1 &= ~(1 << 7);
                  ~~ ^~~~~~~~~
SPI.c(39): warning: implicit conversion changes signedness: 'int' to 'unsigned int' [-Wsign-conversion]
        SPI1->CR1 &= ~(1 << 11);
                  ~~ ^~~~~~~~~~
SPI.c(42): warning: implicit conversion changes signedness: 'int' to 'unsigned int' [-Wsign-conversion]
    SPI1->CR1 |= (baudRatePrescaler << 3);  // BR[2:0]
              ~~  ~~~~~~~~~~~~~~~~~~^~~~
6 warnings generated.
compiling SPI.c...
RTE/Device/STM32F103C8/system_stm32f10x.c(166): warning: no previous extern declaration for non-static variable 'AHBPrescTable' [-Wmissing-variable-declarations]
__I uint8_t AHBPrescTable[16] = {0, 0, 0, 0, 0, 0, 0, 0, 1, 2, 3, 4, 6, 7, 8, 9};
            ^
RTE/Device/STM32F103C8/system_stm32f10x.c(166): note: declare 'static' if the variable is not intended to be used outside of this translation unit
__I uint8_t AHBPrescTable[16] = {0, 0, 0, 0, 0, 0, 0, 0, 1, 2, 3, 4, 6, 7, 8, 9};
    ^
1 warning generated.
compiling system_stm32f10x.c...
assembling startup_stm32f10x_md.s...
linking...
Program Size: Code=1172 RO-data=252 RW-data=0 ZI-data=1632  
".\Objects\SPI.axf" - 0 Error(s), 14 Warning(s).

<h2>Software Packages used:</h2>

Package Vendor: ARM
                http://www.keil.com/pack/ARM.CMSIS.5.7.0.pack
                ARM.CMSIS.5.7.0
                CMSIS (Cortex Microcontroller Software Interface Standard)
   * Component: CORE Version: 5.4.0

Package Vendor: Keil
                https://www.keil.com/pack/Keil.STM32F1xx_DFP.2.4.1.pack
                Keil.STM32F1xx_DFP.2.4.1
                STMicroelectronics STM32F1 Series Device Support, Drivers and Examples
   * Component: Startup Version: 1.0.0

<h2>Collection of Component include folders:</h2>
  .\RTE\Device\STM32F103C8
  .\RTE\_Target_1
  C:\Users\Admin\AppData\Local\Arm\Packs\ARM\CMSIS\5.7.0\CMSIS\Core\Include
  C:\Users\Admin\AppData\Local\Arm\Packs\Keil\STM32F1xx_DFP\2.4.1\Device\Include

<h2>Collection of Component Files used:</h2>

   * Component: ARM::CMSIS:CORE:5.4.0

   * Component: Keil::Device:Startup:1.0.0
      Source file:   Device\Source\system_stm32f10x.c
      Source file:   Device\Source\ARM\startup_stm32f10x_md.s
      Include file:  RTE_Driver\Config\RTE_Device.h
      Source file:   Device\Source\ARM\STM32F1xx_OPT.s
Build Time Elapsed:  00:00:24
</pre>
</body>
</html>
